=== BUILD LOG (primary) - Tue Sep 29 02:48:53 +03 2026 ===
Matrix slot           : primary
Matrix label          : snapshot-latest-exp-mdio-gcc13
Workflow triggered by : workflow_dispatch
Repository            : y-net-wifi/openwrt
Commit                : 6e837698fd978acda626527966722fe66624ec4b
OpenWrt branch input  : snapshot
OpenWrt git branch    : master
OpenWrt tag           : <none>
Patch version input   : <empty>
Output suffix         : 'exp-mdio-gcc13'
DTS choice            : qca9563_comfast_cf-wa350-explicit-mdio.dts
include_files         : true
patch_731 (input)     : true
patch_740 (input)     : true
diag_kconfig (input)  : true
inject_gcc_13 (input) : true
import_cfw_leds       : true
attach_theme          : false
========================================
Build started at: Tue Sep 29 02:48:53 +03 2026
========================================
